{"hookSpecificOutput": {"hookEventName": "PreToolUse", "permissionDecision": "deny", "permissionDecisionReason": "write-deny [host-reserved-path]: harness/hooks/tests/fixtures/write-deny/scope/page.md is under harness/hooks/tests/fixtures/write-deny/scope/**, a path this repository reserves for its human authors (structure.json write_deny.globs). [command-sha256:99b4ebca11baf872b082ae893776cb2c86a6fd23b5ea7f7d789f0c2ce249f39c] Read, quote and check the file, then hand the text to the writer to type; ask the operator to change write_deny in harness/registry/structure.json if the path is wrong."}}
