{"hookSpecificOutput": {"hookEventName": "PreToolUse", "permissionDecision": "deny", "permissionDecisionReason": "write-deny [host-reserved-path]: harness/hooks/tests/fixtures/write-deny/scope/page.md is under harness/hooks/tests/fixtures/write-deny/scope/**, a path this repository reserves for its human authors (structure.json write_deny.globs). [command-sha256:c15ad85fc432608016ccccb46296f4c23641e52c4a4bc961753a5fbc3356ba17] Read, quote and check the file, then hand the text to the writer to type; ask the operator to change write_deny in harness/registry/structure.json if the path is wrong."}}
