{"hookSpecificOutput": {"hookEventName": "PreToolUse", "permissionDecision": "deny", "permissionDecisionReason": "read-deny [secret-label]: harness/hooks/tests/fixtures/read-deny/secret-page.md is labeled access: secret and is excluded from every agent session. [command-sha256:9d6e9186c8518975966dc2d0330b311ccfc102428546f079ba2c25ad76f51354] Ask the operator to relabel the file or to summarize it for you."}}
