{"hookSpecificOutput": {"hookEventName": "PreToolUse", "permissionDecision": "deny", "permissionDecisionReason": "openpyxl-guard [styled-workbook]: writing to an existing .xlsx with openpyxl rewrites its styling (see harness/rules/openpyxl-hands-off.md). [command-sha256:6df0369f43c5f28021e3918539fe1d09f3f67a2c9b6f78ac0866e9341a8c82cd] Create a new file instead, use a library that preserves styles, or hand the exact cells and formulas to the operator as text."}}
