{"hookSpecificOutput": {"hookEventName": "PreToolUse", "permissionDecision": "deny", "permissionDecisionReason": "openpyxl-guard [styled-workbook]: writing to an existing .xlsx with openpyxl rewrites its styling (see harness/rules/openpyxl-hands-off.md). [command-sha256:a349d16a912fa1be5373d5e52fb83a76f73b7d788d930e21e6d35450c00c4417] Create a new file instead, use a library that preserves styles, or hand the exact cells and formulas to the operator as text."}}
