{"hookSpecificOutput": {"hookEventName": "PreToolUse", "permissionDecision": "deny", "permissionDecisionReason": "dangerous-ops-guard [system-destroy]: rm -rf of a system, root, or home path. Target a specific subdirectory you own. [command-sha256:814da602e61dede19a7e0c2f97d438263f7f098d2b37c80fbd455912f6ac7032] If you truly intend this, run it in a shell outside the harness, or update harness/hooks/lib/dangerous_ops_guard.py to exempt the pattern."}}
