{"hookSpecificOutput": {"hookEventName": "PreToolUse", "permissionDecision": "deny", "permissionDecisionReason": "dangerous-ops-guard [system-destroy]: rm -rf of a system, root, or home path. Target a specific subdirectory you own. [command-sha256:965436f54d10d9a4127cd09af5428c736f14f5cfebed131ad9163bab72a1c6f1] If you truly intend this, run it in a shell outside the harness, or update harness/hooks/lib/dangerous_ops_guard.py to exempt the pattern."}}
