{"hookSpecificOutput": {"hookEventName": "PreToolUse", "permissionDecision": "deny", "permissionDecisionReason": "dangerous-ops-guard [git-protected-branch]: force-deleting a protected branch. Delete a feature branch, not the trunk. [command-sha256:8d03052812a0ac625e43338fc6c8a5c149a57a2fbfb537b26cbe80b924a60676] If you truly intend this, run it in a shell outside the harness, or update harness/hooks/lib/dangerous_ops_guard.py to exempt the pattern."}}
