{"hookSpecificOutput": {"hookEventName": "PreToolUse", "permissionDecision": "deny", "permissionDecisionReason": "dangerous-ops-guard [system-destroy]: recursive PowerShell removal of a drive, home, or system path. [command-sha256:ad5c2d207a5cd96a4983f17a7defd264ccba9df5ed1833c158c138e8f02b8bf3] If you truly intend this, run it in a shell outside the harness, or update harness/hooks/lib/dangerous_ops_guard.py to exempt the pattern."}}
