{"hookSpecificOutput": {"hookEventName": "PreToolUse", "permissionDecision": "deny", "permissionDecisionReason": "dangerous-ops-guard [secret-exposure]: shell read of a credential-bearing path. Reference the single environment variable an integration needs; never print secret files. [command-sha256:3c1dbf11bebbe39f25d948e31d41033f7f45520a13d4a041be638f1efd6021fd] If you truly intend this, run it in a shell outside the harness, or update harness/hooks/lib/dangerous_ops_guard.py to exempt the pattern."}}
