{"hookSpecificOutput": {"hookEventName": "PreToolUse", "permissionDecision": "deny", "permissionDecisionReason": "dangerous-ops-guard [data-destroy]: DROP of a table, database, or schema in an execution context destroys data. Confirm explicitly and run it through a transaction or migration tool. [command-sha256:24e0557069706088d8058e275de3d77869a8bb43a66df80cd98017a5097c4873] If you truly intend this, run it in a shell outside the harness, or update harness/hooks/lib/dangerous_ops_guard.py to exempt the pattern."}}
