{"hookSpecificOutput": {"hookEventName": "PreToolUse", "permissionDecision": "deny", "permissionDecisionReason": "dangerous-ops-guard [system-destroy]: dd writing to a raw disk device wipes the drive. [command-sha256:f890d9471fa9b329b8059e22b932eda9158ea333b4abe28ef2ede8caceb57a18] If you truly intend this, run it in a shell outside the harness, or update harness/hooks/lib/dangerous_ops_guard.py to exempt the pattern."}}
