{"hookSpecificOutput": {"hookEventName": "PreToolUse", "permissionDecision": "deny", "permissionDecisionReason": "dangerous-ops-guard [git-protected-branch]: force-push to a protected branch. Use --force-with-lease, or push to a feature branch first. [command-sha256:d20c97f7d0825f2f93cb4052cd7e62799a2f731d5cecc35b5e6e21910362d940] If you truly intend this, run it in a shell outside the harness, or update harness/hooks/lib/dangerous_ops_guard.py to exempt the pattern."}}
