{"hookSpecificOutput": {"hookEventName": "PreToolUse", "permissionDecision": "deny", "permissionDecisionReason": "dangerous-ops-guard [secret-exposure]: shell read of a credential-bearing path. Reference the single environment variable an integration needs; never print secret files. [command-sha256:0b8e1bbd7568aeb6daffc1f0aec0ead5cfd376a2a27d2bc154d77c062c5d01b9] If you truly intend this, run it in a shell outside the harness, or update harness/hooks/lib/dangerous_ops_guard.py to exempt the pattern."}}
