{"hookSpecificOutput": {"hookEventName": "PreToolUse", "permissionDecision": "deny", "permissionDecisionReason": "dangerous-ops-guard [system-destroy]: rm -rf of a system, root, or home path. Target a specific subdirectory you own. [command-sha256:ae3af256aca506cd67709038629ea738d55117d883e2b7589000661050d75110] If you truly intend this, run it in a shell outside the harness, or update harness/hooks/lib/dangerous_ops_guard.py to exempt the pattern."}}
