{"hookSpecificOutput": {"hookEventName": "PreToolUse", "permissionDecision": "deny", "permissionDecisionReason": "dangerous-ops-guard [system-destroy]: recursive PowerShell removal of a drive, home, or system path. [command-sha256:87209aa4860f28751026896d7330f2c2eb817ba2da29b9a46d154da9645bdd3d] If you truly intend this, run it in a shell outside the harness, or update harness/hooks/lib/dangerous_ops_guard.py to exempt the pattern."}}
