{"hookSpecificOutput": {"hookEventName": "PreToolUse", "permissionDecision": "deny", "permissionDecisionReason": "dangerous-ops-guard [system-destroy]: recursive PowerShell removal of a drive, home, or system path. [command-sha256:7f6891a88b5e5a9ce98c903fd51e163a454d6867b422cc6c4462e04aae468c7b] If you truly intend this, run it in a shell outside the harness, or update harness/hooks/lib/dangerous_ops_guard.py to exempt the pattern."}}
