{"hookSpecificOutput": {"hookEventName": "PreToolUse", "permissionDecision": "deny", "permissionDecisionReason": "dangerous-ops-guard [system-destroy]: rm -rf of a system, root, or home path. Target a specific subdirectory you own. [command-sha256:22179937e32620e225e1f6383907285e9b5aee86597795712e807e832f6d5bbf] If you truly intend this, run it in a shell outside the harness, or update harness/hooks/lib/dangerous_ops_guard.py to exempt the pattern."}}
