{"hookSpecificOutput": {"hookEventName": "PreToolUse", "permissionDecision": "deny", "permissionDecisionReason": "dangerous-ops-guard [system-destroy]: recursive PowerShell removal of a drive, home, or system path. [command-sha256:dc32faf708e987fae4b21bfe3e605a613c5d758a4ec0ba6ac4cef583b3f18d6b] If you truly intend this, run it in a shell outside the harness, or update harness/hooks/lib/dangerous_ops_guard.py to exempt the pattern."}}
