{"hookSpecificOutput": {"hookEventName": "PreToolUse", "permissionDecision": "deny", "permissionDecisionReason": "dangerous-ops-guard [system-destroy]: mkfs reformats a filesystem; all data on that volume is lost. [command-sha256:9fedc7c13450d01c6ae49d60bb71a8f584da30f7be2292ef025fce40e9fdb4d0] If you truly intend this, run it in a shell outside the harness, or update harness/hooks/lib/dangerous_ops_guard.py to exempt the pattern."}}
