{"hookSpecificOutput": {"hookEventName": "PreToolUse", "permissionDecision": "deny", "permissionDecisionReason": "dangerous-ops-guard [secret-exposure]: shell read of a credential-bearing path. Reference the single environment variable an integration needs; never print secret files. [command-sha256:20d1a4dff495b943a931842d9cfab94eb2861528a0c3a91a47ca724da71440d5] If you truly intend this, run it in a shell outside the harness, or update harness/hooks/lib/dangerous_ops_guard.py to exempt the pattern."}}
