{"hookSpecificOutput": {"hookEventName": "PreToolUse", "permissionDecision": "deny", "permissionDecisionReason": "dangerous-ops-guard [git-protected-branch]: force-push to a protected branch. Use --force-with-lease, or push to a feature branch first. [command-sha256:182645a6314d5e8ba74d3e3f0b0ca54188d5a2a2dd82b3bd67bbeb5e000d62b9] If you truly intend this, run it in a shell outside the harness, or update harness/hooks/lib/dangerous_ops_guard.py to exempt the pattern."}}
