{"hookSpecificOutput": {"hookEventName": "PreToolUse", "permissionDecision": "deny", "permissionDecisionReason": "dangerous-ops-guard [data-destroy]: DROP of a table, database, or schema in an execution context destroys data. Confirm explicitly and run it through a transaction or migration tool. [command-sha256:dd64b0534b4eff87de15840d7441955265ab539fefba56b2b9bdf669bfdaadb9] If you truly intend this, run it in a shell outside the harness, or update harness/hooks/lib/dangerous_ops_guard.py to exempt the pattern."}}
