{"hookSpecificOutput": {"hookEventName": "PreToolUse", "permissionDecision": "deny", "permissionDecisionReason": "dangerous-ops-guard [git-protected-branch]: force-push to a protected branch. Use --force-with-lease, or push to a feature branch first. [command-sha256:3075ad321adde596001cd5aa4285cc0af9584f04a2a4f91a099cfec16747ec4c] If you truly intend this, run it in a shell outside the harness, or update harness/hooks/lib/dangerous_ops_guard.py to exempt the pattern."}}
