{"hookSpecificOutput": {"hookEventName": "PreToolUse", "permissionDecision": "deny", "permissionDecisionReason": "dangerous-ops-guard [git-protected-branch]: force-push to a protected branch. Use --force-with-lease, or push to a feature branch first. [command-sha256:49293d284632eafffb20eefbde3394eeaee7f010d61e0e185b0e0d9fc316d534] If you truly intend this, run it in a shell outside the harness, or update harness/hooks/lib/dangerous_ops_guard.py to exempt the pattern."}}
