{"hookSpecificOutput": {"hookEventName": "PreToolUse", "permissionDecision": "deny", "permissionDecisionReason": "dangerous-ops-guard [system-destroy]: rm -rf of a system, root, or home path. Target a specific subdirectory you own. [command-sha256:091e7a0e883801a4939c44ff14d80332fe9a44d4aa9fc340d0e819e354ae9a85] If you truly intend this, run it in a shell outside the harness, or update harness/hooks/lib/dangerous_ops_guard.py to exempt the pattern."}}
