{"hookSpecificOutput": {"hookEventName": "PreToolUse", "permissionDecision": "deny", "permissionDecisionReason": "dangerous-ops-guard [git-protected-branch]: force-push to a protected branch. Use --force-with-lease, or push to a feature branch first. [command-sha256:be8d0253c5fb711ff31170c19b6af09e79c731a7fdfcf37c1d9aa169f295be05] If you truly intend this, run it in a shell outside the harness, or update harness/hooks/lib/dangerous_ops_guard.py to exempt the pattern."}}
