{"hookSpecificOutput": {"hookEventName": "PreToolUse", "permissionDecision": "deny", "permissionDecisionReason": "dangerous-ops-guard [system-destroy]: recursive PowerShell removal of a drive, home, or system path. [command-sha256:916f6180a3d3564dff0c2685e0fc02ce8cd4c5a0a7d5baaa04b430413d6d73ab] If you truly intend this, run it in a shell outside the harness, or update harness/hooks/lib/dangerous_ops_guard.py to exempt the pattern."}}
